  Determining projects to restore...
  All projects are up-to-date for restore.
  TradyStrat -> /Users/philippe/repo/gh-phmatray/TradyStrat/TradyStrat/bin/Debug/net10.0/TradyStrat.dll
  TradyStrat.Tests -> /Users/philippe/repo/gh-phmatray/TradyStrat/TradyStrat.Tests/bin/Debug/net10.0/TradyStrat.Tests.dll

Build succeeded.
    0 Warning(s)
    0 Error(s)

Time Elapsed 00:00:01.67
